// Jest Snapshot v1, https://goo.gl/fbAQLP

exports[`Quote route renders correctly 1`] = `
<main
  className="quote-route"
>
  <div>
    <p>
      Mathematics is not about numbers, equations, computations or algorithms: it is about understanding. - William Paul Thurston
    </p>
  </div>
</main>
`;
